2026-05-23 08:52:52,371 : WARN  : ModalContext :  : Node : Excel Reader : 3:1 : Loading model settings failed: Config for key "settings" not found.
2026-05-23 08:52:52,381 : WARN  : ModalContext :  : Node : Excel Reader : 3:1 : Errors loading flow variables into node : Config for key "settings" not found.
2026-05-23 08:52:52,382 : WARN  : ModalContext :  : Node : Excel Reader : 3:4 : Loading model settings failed: Config for key "settings" not found.
2026-05-23 08:52:52,386 : WARN  : ModalContext :  : Node : Excel Reader : 3:4 : Errors loading flow variables into node : Config for key "settings" not found.
2026-05-23 08:52:52,497 : WARN  : ModalContext :  : LoadWorkflowRunnable :  :  : Warnings during load: Status: DataLoadError: YiYang_YeeSanDB 3 loaded with error during data load
2026-05-23 08:52:52,498 : WARN  : ModalContext :  : LoadWorkflowRunnable :  :  :   Status: DataLoadError: YiYang_YeeSanDB 3
2026-05-23 08:52:52,498 : WARN  : ModalContext :  : LoadWorkflowRunnable :  :  :     Status: DataLoadError: Excel Reader 3:1
2026-05-23 08:52:52,498 : WARN  : ModalContext :  : LoadWorkflowRunnable :  :  :       Status: Warning: Loading model settings failed: Config for key "settings" not found.
2026-05-23 08:52:52,498 : WARN  : ModalContext :  : LoadWorkflowRunnable :  :  :       Status: DataLoadError: Unable to load port content for node "Excel Reader": No such data file: C:\Users\IAN\Desktop\SEM (SWIN)\SEM 1\COS30045 (Data)\Assignment\Group Project\YiYang_YeeSanDB\Excel Reader (#1)\port_1\data.xml
2026-05-23 08:52:52,498 : WARN  : ModalContext :  : LoadWorkflowRunnable :  :  :       Status: DataLoadError: State has changed from EXECUTED to IDLE
2026-05-23 08:52:52,498 : WARN  : ModalContext :  : LoadWorkflowRunnable :  :  :     Status: DataLoadError: Excel Reader 3:4
2026-05-23 08:52:52,498 : WARN  : ModalContext :  : LoadWorkflowRunnable :  :  :       Status: Warning: Loading model settings failed: Config for key "settings" not found.
2026-05-23 08:52:52,498 : WARN  : ModalContext :  : LoadWorkflowRunnable :  :  :       Status: DataLoadError: Unable to load port content for node "Excel Reader": No such data file: C:\Users\IAN\Desktop\SEM (SWIN)\SEM 1\COS30045 (Data)\Assignment\Group Project\YiYang_YeeSanDB\Excel Reader (#4)\port_1\data.xml
2026-05-23 08:52:52,498 : WARN  : ModalContext :  : LoadWorkflowRunnable :  :  :       Status: DataLoadError: State has changed from EXECUTED to IDLE
2026-05-23 08:52:52,498 : WARN  : ModalContext :  : LoadWorkflowRunnable :  :  :     Status: DataLoadError: String Replacer 3:7
2026-05-23 08:52:52,498 : WARN  : ModalContext :  : LoadWorkflowRunnable :  :  :       Status: DataLoadError: Unable to load port content for node "String Replacer": No such data file: C:\Users\IAN\Desktop\SEM (SWIN)\SEM 1\COS30045 (Data)\Assignment\Group Project\YiYang_YeeSanDB\String Replacer (#7)\port_1\data.xml
2026-05-23 08:52:52,498 : WARN  : ModalContext :  : LoadWorkflowRunnable :  :  :     Status: DataLoadError: Nominal Value Row Filter 3:9
2026-05-23 08:52:52,498 : WARN  : ModalContext :  : LoadWorkflowRunnable :  :  :       Status: DataLoadError: Unable to load port content for node "Nominal Value Row Filter": No such data file: C:\Users\IAN\Desktop\SEM (SWIN)\SEM 1\COS30045 (Data)\Assignment\Group Project\YiYang_YeeSanDB\Nominal Value Row Filter (#9)\port_1\data.xml
2026-05-23 08:52:52,498 : WARN  : ModalContext :  : LoadWorkflowRunnable :  :  :     Status: DataLoadError: Nominal Value Row Filter 3:8
2026-05-23 08:52:52,498 : WARN  : ModalContext :  : LoadWorkflowRunnable :  :  :       Status: DataLoadError: Unable to load port content for node "Nominal Value Row Filter": No such data file: C:\Users\IAN\Desktop\SEM (SWIN)\SEM 1\COS30045 (Data)\Assignment\Group Project\YiYang_YeeSanDB\Nominal Value Row Filter (#8)\port_1\data.xml
2026-05-23 08:52:52,498 : WARN  : ModalContext :  : LoadWorkflowRunnable :  :  :     Status: DataLoadError: Nominal Value Row Filter 3:10
2026-05-23 08:52:52,498 : WARN  : ModalContext :  : LoadWorkflowRunnable :  :  :       Status: DataLoadError: Unable to load port content for node "Nominal Value Row Filter": No such data file: C:\Users\IAN\Desktop\SEM (SWIN)\SEM 1\COS30045 (Data)\Assignment\Group Project\YiYang_YeeSanDB\Nominal Value Row Filter (#10)\port_1\data.xml
2026-05-23 08:52:52,498 : WARN  : ModalContext :  : LoadWorkflowRunnable :  :  :     Status: DataLoadError: Nominal Value Row Filter 3:11
2026-05-23 08:52:52,499 : WARN  : ModalContext :  : LoadWorkflowRunnable :  :  :       Status: DataLoadError: Unable to load port content for node "Nominal Value Row Filter": No such data file: C:\Users\IAN\Desktop\SEM (SWIN)\SEM 1\COS30045 (Data)\Assignment\Group Project\YiYang_YeeSanDB\Nominal Value Row Filter (#11)\port_1\data.xml
2026-05-23 08:52:52,499 : WARN  : ModalContext :  : LoadWorkflowRunnable :  :  :     Status: DataLoadError: Column Filter 3:6
2026-05-23 08:52:52,499 : WARN  : ModalContext :  : LoadWorkflowRunnable :  :  :       Status: DataLoadError: Unable to load port content for node "Column Filter": No such data file: C:\Users\IAN\Desktop\SEM (SWIN)\SEM 1\COS30045 (Data)\Assignment\Group Project\YiYang_YeeSanDB\Column Filter (#6)\port_1\data.xml
2026-05-23 08:52:52,499 : WARN  : ModalContext :  : LoadWorkflowRunnable :  :  :     Status: DataLoadError: State has changed from EXECUTED to IDLE
2026-05-23 08:53:14,232 : WARN  : main :  : Node : Excel Reader : 3:1 : The node configuration changed and the table spec will be recalculated during execution.
2026-05-23 08:53:14,763 : WARN  : main :  : Node : Excel Reader : 3:1 : The node configuration changed and the table spec will be recalculated during execution.
2026-05-23 08:53:37,432 : WARN  : main :  : Node : Excel Reader : 3:4 : The node configuration changed and the table spec will be recalculated during execution.
2026-05-23 08:53:37,825 : WARN  : main :  : Node : Excel Reader : 3:4 : The node configuration changed and the table spec will be recalculated during execution.
2026-05-23 08:53:50,879 : WARN  : main :  : Node : Nominal Value Row Filter : 3:9 : No nominal columns with possible values found. To make nominal columns usable by this node, their domain must be calculated.For columns with few values (less than 60) this is done automatically. For more values, use the Domain Calculator node or specify the possible values manually using the Edit Nominal Domain node.
2026-05-25 12:12:13,110 : ERROR : main :  : ProjectAPI :  :  : Workflow with ID 'YiYang_YeeSanDB_0ecd40e9-9c2a-4eb7-9404-f51f81aadb76' couldn't be loaded. Workflow closed.
2026-05-25 12:12:13,140 : WARN  : comm-pool-thread-1 :  : JsonRpcErrorResolver :  :  : An unexpected json rpc error occurred
java.util.NoSuchElementException: Workflow project for ID "YiYang_YeeSanDB_0ecd40e9-9c2a-4eb7-9404-f51f81aadb76" not found.
	at org.knime.gateway.impl.service.util.DefaultServiceUtil.lambda$0(DefaultServiceUtil.java:126)
	at java.base/java.util.Optional.orElseThrow(Unknown Source)
	at org.knime.gateway.impl.service.util.DefaultServiceUtil.getRootWorkflowManager(DefaultServiceUtil.java:125)
	at org.knime.gateway.impl.service.util.DefaultServiceUtil.getWorkflowManager(DefaultServiceUtil.java:155)
	at org.knime.gateway.impl.webui.WorkflowMiddleware$WorkflowState.<init>(WorkflowMiddleware.java:434)
	at org.knime.gateway.impl.webui.WorkflowMiddleware.createWorkflowStateAndEventuallyClearCache(WorkflowMiddleware.java:388)
	at java.base/java.util.concurrent.ConcurrentHashMap.computeIfAbsent(Unknown Source)
	at org.knime.gateway.impl.webui.WorkflowMiddleware.getWorkflowState(WorkflowMiddleware.java:384)
	at org.knime.gateway.impl.webui.WorkflowMiddleware.buildWorkflowSnapshotEnt(WorkflowMiddleware.java:188)
	at org.knime.gateway.impl.webui.service.DefaultWorkflowService.getWorkflow(DefaultWorkflowService.java:125)
	at org.knime.gateway.impl.webui.jsonrpc.service.JsonRpcWorkflowServiceWrapper.getWorkflow(JsonRpcWorkflowServiceWrapper.java:124)
	at java.base/jdk.internal.reflect.NativeMethodAccessorImpl.invoke0(Native Method)
	at java.base/jdk.internal.reflect.NativeMethodAccessorImpl.invoke(Unknown Source)
	at java.base/jdk.internal.reflect.DelegatingMethodAccessorImpl.invoke(Unknown Source)
	at java.base/java.lang.reflect.Method.invoke(Unknown Source)
	at com.googlecode.jsonrpc4j.JsonRpcBasicServer.invoke(JsonRpcBasicServer.java:478)
	at com.googlecode.jsonrpc4j.JsonRpcBasicServer.handleObject(JsonRpcBasicServer.java:349)
	at com.googlecode.jsonrpc4j.JsonRpcBasicServer.handleJsonNodeRequest(JsonRpcBasicServer.java:274)
	at com.googlecode.jsonrpc4j.JsonRpcBasicServer.handleRequest(JsonRpcBasicServer.java:242)
	at org.knime.gateway.impl.jsonrpc.JsonRpcRequestHandler.handle(JsonRpcRequestHandler.java:104)
	at org.knime.ui.java.browser.lifecycle.Init.lambda$13(Init.java:290)
	at com.equo.comm.common.MessageHandler.processReceivedEventMessage(MessageHandler.java:131)
	at com.equo.comm.ee.provider.service.ChromiumService.receiveMessage(ChromiumService.java:98)
	at com.equo.comm.ee.provider.CommunicationManagerChromiumImpl.receiveMessage(CommunicationManagerChromiumImpl.java:48)
	at com.equo.chromium.swt.internal.spi.CommRouterHandler.handleRequest(CommRouterHandler.java:33)
	at com.equo.chromium.swt.internal.spi.CommRouterHandler.lambda$1(CommRouterHandler.java:51)
	at java.base/java.util.concurrent.ThreadPoolExecutor.runWorker(Unknown Source)
	at java.base/java.util.concurrent.ThreadPoolExecutor$Worker.run(Unknown Source)
	at java.base/java.lang.Thread.run(Unknown Source)
2026-05-25 12:12:13,156 : ERROR : main :  : KnimeBrowserView :  :  : %cerror%c RPC Client:: Error RPC request 
      background: #c0392b;
      border-radius: 0.5em;
      color: white;
      font-weight: bold;
      padding: 2px 0.5em;
      Error: Workflow project for ID "YiYang_YeeSanDB_0ecd40e9-9c2a-4eb7-9404-f51f81aadb76" not found. (source: http://org.knime.ui.java/assets/index-L_Vmx7rg.js; line: 87)
2026-05-25 12:12:13,157 : ERROR : main :  : KnimeBrowserView :  :  : %cerror%c lifecycle::loadWorkflow failed to load workflow 
      background: #c0392b;
      border-radius: 0.5em;
      color: white;
      font-weight: bold;
      padding: 2px 0.5em;
      [object Object] (source: http://org.knime.ui.java/assets/index-L_Vmx7rg.js; line: 87)
2026-05-25 12:12:42,502 : WARN  : ModalContext :  : Node : Excel Reader : 3:1 : Loading model settings failed: Config for key "settings" not found.
2026-05-25 12:12:42,526 : WARN  : ModalContext :  : Node : Excel Reader : 3:1 : Errors loading flow variables into node : Config for key "settings" not found.
2026-05-25 12:12:42,526 : WARN  : ModalContext :  : Node : Excel Reader : 3:4 : Loading model settings failed: Config for key "settings" not found.
2026-05-25 12:12:42,541 : WARN  : ModalContext :  : Node : Excel Reader : 3:4 : Errors loading flow variables into node : Config for key "settings" not found.
2026-05-25 12:12:42,718 : WARN  : ModalContext :  : LoadWorkflowRunnable :  :  : Warnings during load: Status: DataLoadError: YiYang_YeeSanDB 3 loaded with error during data load
2026-05-25 12:12:42,719 : WARN  : ModalContext :  : LoadWorkflowRunnable :  :  :   Status: DataLoadError: YiYang_YeeSanDB 3
2026-05-25 12:12:42,719 : WARN  : ModalContext :  : LoadWorkflowRunnable :  :  :     Status: DataLoadError: Excel Reader 3:1
2026-05-25 12:12:42,719 : WARN  : ModalContext :  : LoadWorkflowRunnable :  :  :       Status: Warning: Loading model settings failed: Config for key "settings" not found.
2026-05-25 12:12:42,719 : WARN  : ModalContext :  : LoadWorkflowRunnable :  :  :       Status: DataLoadError: Unable to load port content for node "Excel Reader": No such data file: C:\Users\IAN\Desktop\SEM (SWIN)\SEM 1\COS30045 (Data)\Assignment\Group Project\YiYang_YeeSanDB\Excel Reader (#1)\port_1\data.xml
2026-05-25 12:12:42,719 : WARN  : ModalContext :  : LoadWorkflowRunnable :  :  :       Status: DataLoadError: State has changed from EXECUTED to IDLE
2026-05-25 12:12:42,719 : WARN  : ModalContext :  : LoadWorkflowRunnable :  :  :     Status: DataLoadError: Excel Reader 3:4
2026-05-25 12:12:42,720 : WARN  : ModalContext :  : LoadWorkflowRunnable :  :  :       Status: Warning: Loading model settings failed: Config for key "settings" not found.
2026-05-25 12:12:42,720 : WARN  : ModalContext :  : LoadWorkflowRunnable :  :  :       Status: DataLoadError: Unable to load port content for node "Excel Reader": No such data file: C:\Users\IAN\Desktop\SEM (SWIN)\SEM 1\COS30045 (Data)\Assignment\Group Project\YiYang_YeeSanDB\Excel Reader (#4)\port_1\data.xml
2026-05-25 12:12:42,720 : WARN  : ModalContext :  : LoadWorkflowRunnable :  :  :       Status: DataLoadError: State has changed from EXECUTED to IDLE
2026-05-25 12:12:42,720 : WARN  : ModalContext :  : LoadWorkflowRunnable :  :  :     Status: DataLoadError: String Replacer 3:7
2026-05-25 12:12:42,720 : WARN  : ModalContext :  : LoadWorkflowRunnable :  :  :       Status: DataLoadError: Unable to load port content for node "String Replacer": No such data file: C:\Users\IAN\Desktop\SEM (SWIN)\SEM 1\COS30045 (Data)\Assignment\Group Project\YiYang_YeeSanDB\String Replacer (#7)\port_1\data.xml
2026-05-25 12:12:42,720 : WARN  : ModalContext :  : LoadWorkflowRunnable :  :  :     Status: DataLoadError: Nominal Value Row Filter 3:9
2026-05-25 12:12:42,720 : WARN  : ModalContext :  : LoadWorkflowRunnable :  :  :       Status: DataLoadError: Unable to load port content for node "Nominal Value Row Filter": No such data file: C:\Users\IAN\Desktop\SEM (SWIN)\SEM 1\COS30045 (Data)\Assignment\Group Project\YiYang_YeeSanDB\Nominal Value Row Filter (#9)\port_1\data.xml
2026-05-25 12:12:42,720 : WARN  : ModalContext :  : LoadWorkflowRunnable :  :  :     Status: DataLoadError: Nominal Value Row Filter 3:8
2026-05-25 12:12:42,720 : WARN  : ModalContext :  : LoadWorkflowRunnable :  :  :       Status: DataLoadError: Unable to load port content for node "Nominal Value Row Filter": No such data file: C:\Users\IAN\Desktop\SEM (SWIN)\SEM 1\COS30045 (Data)\Assignment\Group Project\YiYang_YeeSanDB\Nominal Value Row Filter (#8)\port_1\data.xml
2026-05-25 12:12:42,720 : WARN  : ModalContext :  : LoadWorkflowRunnable :  :  :     Status: DataLoadError: Nominal Value Row Filter 3:10
2026-05-25 12:12:42,720 : WARN  : ModalContext :  : LoadWorkflowRunnable :  :  :       Status: DataLoadError: Unable to load port content for node "Nominal Value Row Filter": No such data file: C:\Users\IAN\Desktop\SEM (SWIN)\SEM 1\COS30045 (Data)\Assignment\Group Project\YiYang_YeeSanDB\Nominal Value Row Filter (#10)\port_1\data.xml
2026-05-25 12:12:42,721 : WARN  : ModalContext :  : LoadWorkflowRunnable :  :  :     Status: DataLoadError: Nominal Value Row Filter 3:11
2026-05-25 12:12:42,721 : WARN  : ModalContext :  : LoadWorkflowRunnable :  :  :       Status: DataLoadError: Unable to load port content for node "Nominal Value Row Filter": No such data file: C:\Users\IAN\Desktop\SEM (SWIN)\SEM 1\COS30045 (Data)\Assignment\Group Project\YiYang_YeeSanDB\Nominal Value Row Filter (#11)\port_1\data.xml
2026-05-25 12:12:42,721 : WARN  : ModalContext :  : LoadWorkflowRunnable :  :  :     Status: DataLoadError: Column Filter 3:6
2026-05-25 12:12:42,722 : WARN  : ModalContext :  : LoadWorkflowRunnable :  :  :       Status: DataLoadError: Unable to load port content for node "Column Filter": No such data file: C:\Users\IAN\Desktop\SEM (SWIN)\SEM 1\COS30045 (Data)\Assignment\Group Project\YiYang_YeeSanDB\Column Filter (#6)\port_1\data.xml
2026-05-25 12:12:42,722 : WARN  : ModalContext :  : LoadWorkflowRunnable :  :  :     Status: DataLoadError: State has changed from EXECUTED to IDLE
2026-05-25 12:14:01,531 : WARN  : main :  : Node : Excel Reader : 3:1 : The node configuration changed and the table spec will be recalculated during execution.
2026-05-25 12:14:01,862 : WARN  : main :  : Node : Excel Reader : 3:1 : The node configuration changed and the table spec will be recalculated during execution.
2026-05-25 12:15:27,221 : WARN  : main :  : Node : Excel Reader : 3:4 : The node configuration changed and the table spec will be recalculated during execution.
2026-05-25 12:15:38,584 : WARN  : main :  : Node : Nominal Value Row Filter : 3:9 : No nominal columns with possible values found. To make nominal columns usable by this node, their domain must be calculated.For columns with few values (less than 60) this is done automatically. For more values, use the Domain Calculator node or specify the possible values manually using the Edit Nominal Domain node.
2026-05-25 12:15:38,904 : WARN  : main :  : Node : Nominal Value Row Filter : 3:9 : No nominal columns with possible values found. To make nominal columns usable by this node, their domain must be calculated.For columns with few values (less than 60) this is done automatically. For more values, use the Domain Calculator node or specify the possible values manually using the Edit Nominal Domain node.
